**********************
Windows PowerShell transcript start
Start time: 20261004211131
Username: RITHIKA\sharo
RunAs User: RITHIKA\sharo
Configuration Name: 
Machine: RITHIKA (Microsoft Windows NT 10.0.26200.0)
Host Application: C:\WINDOWS\System32\WindowsPowerShell\v1.0\powershell.exe
Process ID: 26680
PSVersion: 5.1.26100.9444
PSEdition: Desktop
PSCompatibleVersions: 1.0, 2.0, 3.0, 4.0, 5.0, 5.1.26100.9444
BuildVersion: 10.0.26100.9444
CLRVersion: 4.0.30319.42000
WSManStackVersion: 3.0
PSRemotingProtocolVersion: 2.3
SerializationVersion: 1.1.0.1
**********************
Transcript started, output file is .\git_execution.log
PS C:\Users\sharo\OneDrive\Desktop\gym-membership-management-system\gym-clone-24BCS262> git status

PS C:\Users\sharo\OneDrive\Desktop\gym-membership-management-system\gym-clone-24BCS262> git branch -a

PS C:\Users\sharo\OneDrive\Desktop\gym-membership-management-system\gym-clone-24BCS262> git remote -v

PS C:\Users\sharo\OneDrive\Desktop\gym-membership-management-system\gym-clone-24BCS262> git log --oneline --all --decorate -10

PS C:\Users\sharo\OneDrive\Desktop\gym-membership-management-system\gym-clone-24BCS262> git diff HEAD~1 HEAD

PS C:\Users\sharo\OneDrive\Desktop\gym-membership-management-system\gym-clone-24BCS262> Stop-Transcript
**********************
Windows PowerShell transcript end
End time: 20261004211310
**********************
